<!DOCTYPE html>
<html ng-app="browser-image-diff-client">
<head lang="en">
    <!-- bower:css -->
    <!-- endinject -->
    <!-- inject:css -->
    <link rel="stylesheet" href="/app-build/index.css">
    <!-- endinject -->
</head>
<body>
    <ui-view></ui-view>
    <!-- bower:js -->
    <script src="/bower_components/jquery/dist/jquery.js"></script>
    <script src="/bower_components/angular/angular.js"></script>
    <script src="/bower_components/angular-ui-router/release/angular-ui-router.js"></script>
    <script src="/bower_components/angular-mocks/angular-mocks.js"></script>
    <!-- endinject -->
    <!-- inject:js -->
    <script src="/app-build/index.js"></script>
    <!-- endinject -->
</body>
</html>