<!DOCTYPE html>
<html ng-app="browser-image-diff-client">
<head lang="en">
    <!-- bower:css -->
    <!-- endinject -->
    <!-- inject:css -->
    <link rel="stylesheet" href="index.css">
    <!-- endinject -->
</head>
<body>
    <ui-view></ui-view>
    <!-- bower:js -->
    <script src="vendor/jquery/jquery.js"></script>
    <script src="vendor/angular/angular.js"></script>
    <script src="vendor/angular-ui-router/angular-ui-router.js"></script>
    <script src="vendor/angular-mocks/angular-mocks.js"></script>
    <!-- endinject -->
    <!-- inject:js -->
    <script src="index.js"></script>
    <!-- endinject -->
</body>
</html>