{
  "name": "minimal-es5",
  "version": "0.0.1",
  "port": 61658
}