{
  "name": "minimal-es5",
  "version": "0.0.1",
  "description": "Minimal test es5 project for Angularity.",
  "private": true,
  "tags": [],
  "dependencies": {
    "jquery": "~2.1.3",
    "angular": "~1.3.13",
    "angular-ui-router": "~0.2.13"
  },
  "devDependencies": {
    "angular-mocks": "latest"
  }
}
